/home/divya/miniconda3/envs/quast_env/bin/quast.py results/megahit_assembly/DRR187559/DRR187559.contigs.fa -o results/quast/DRR187559 -t 4

Version: 5.0.2

System information:
  OS: Linux-6.6.87.1-microsoft-standard-WSL2-x86_64-with-debian-trixie-sid (linux_64)
  Python version: 3.6.15
  CPUs number: 2

Started: 2026-08-30 08:44:21

Logging to /home/divya/wgs/results/quast/DRR187559/quast.log

CWD: /home/divya/wgs
Main parameters: 
  MODE: default, threads: 4, minimum contig length: 500, minimum alignment length: 65, \
  ambiguity: one, threshold for extensive misassembly size: 1000

Contigs:
  Pre-processing...
  results/megahit_assembly/DRR187559/DRR187559.contigs.fa ==> DRR187559.contigs

2026-08-30 08:44:22
Running Basic statistics processor...
  Contig files: 
    DRR187559.contigs
  Calculating N50 and L50...
    DRR187559.contigs, N50 = 99899, L50 = 8, Total length = 2900213, GC % = 32.76, # N's per 100 kbp =  0.00
  Drawing Nx plot...
    saved to /home/divya/wgs/results/quast/DRR187559/basic_stats/Nx_plot.pdf
  Drawing cumulative plot...
    saved to /home/divya/wgs/results/quast/DRR187559/basic_stats/cumulative_plot.pdf
  Drawing GC content plot...
    saved to /home/divya/wgs/results/quast/DRR187559/basic_stats/GC_content_plot.pdf
  Drawing DRR187559.contigs GC content plot...
    saved to /home/divya/wgs/results/quast/DRR187559/basic_stats/DRR187559.contigs_GC_content_plot.pdf
Done.

NOTICE: Genes are not predicted by default. Use --gene-finding or --glimmer option to enable it.

2026-08-30 08:44:23
Creating large visual summaries...
This may take a while: press Ctrl-C to skip this step..
  1 of 2: Creating Icarus viewers...
  2 of 2: Creating PDF with all tables and plots...
Done

2026-08-30 08:44:23
RESULTS:
  Text versions of total report are saved to /home/divya/wgs/results/quast/DRR187559/report.txt, report.tsv, and report.tex
  Text versions of transposed total report are saved to /home/divya/wgs/results/quast/DRR187559/transposed_report.txt, transposed_report.tsv, and transposed_report.tex
  HTML version (interactive tables and plots) is saved to /home/divya/wgs/results/quast/DRR187559/report.html
  PDF version (tables and plots) is saved to /home/divya/wgs/results/quast/DRR187559/report.pdf
  Icarus (contig browser) is saved to /home/divya/wgs/results/quast/DRR187559/icarus.html
  Log is saved to /home/divya/wgs/results/quast/DRR187559/quast.log

Finished: 2026-08-30 08:44:23
Elapsed time: 0:00:01.732464
NOTICEs: 1; WARNINGs: 1; non-fatal ERRORs: 0

Thank you for using QUAST!
